Build profiles (issue #814)
--debug selects dx_debug (dbg) with --config=dx_debug
--release selects dx_release (opt) with --config=dx_release
bare build/run/test means dx_dev (fastbuild) with --config=dx_dev
bare deploy means dx_release (opt) with --config=dx_release
no --dev flag with bare already meaning dev
both flags together fail with exit 2
coverage takes no profile flags with unchanged argv
flag over target profile over command default
DX_PROFILE forwarded as debug/dev/release on the deploy run env
DxDeployInfo profile vocabulary debug dev release
silent ignore rejected
--dev flag rejected
coverage profile rejected
qualified seed-only under issue #814
no Supported claim
